src/components/assessment/ConfidencePreview.tsx(2,10): error TS2724: '"../../types"' has no exported member named 'SkillRating'. Did you mean 'SkillRatingMap'?
src/components/dashboard/ModulesList.tsx(4,26): error TS2305: Module '"@/types"' has no exported member 'ModuleStatus'.
src/components/dashboard/ModulesList.tsx(49,34): error TS2367: This comparison appears to be unintentional because the types '"Not Started" | "In Progress" | "Completed"' and '"completed"' have no overlap.
src/components/dashboard/ModulesList.tsx(66,17): error TS2367: This comparison appears to be unintentional because the types '"Not Started" | "In Progress" | "Completed"' and '"completed"' have no overlap.
src/components/dashboard/ModulesList.tsx(72,19): error TS2367: This comparison appears to be unintentional because the types '"Not Started" | "In Progress" | "Completed"' and '"completed"' have no overlap.
src/components/dashboard/SkillBars.tsx(26,24): error TS2551: Property 'skill' does not exist on type 'SkillConfidence'. Did you mean 'skillId'?
src/components/dashboard/SkillBars.tsx(33,63): error TS2551: Property 'skill' does not exist on type 'SkillConfidence'. Did you mean 'skillId'?
src/components/dashboard/SkillBars.tsx(34,71): error TS2339: Property 'confidence' does not exist on type 'SkillConfidence'.
src/components/dashboard/SkillBars.tsx(39,44): error TS2339: Property 'confidence' does not exist on type 'SkillConfidence'.
src/components/dashboard/SkillBars.tsx(41,80): error TS2339: Property 'confidence' does not exist on type 'SkillConfidence'.
src/components/layout/PageTransition.tsx(40,9): error TS2322: Type '{ initial: { opacity: number; y: number; scale: number; }; enter: { opacity: number; y: number; scale: number; transition: { duration: number; ease: number[]; }; }; exit: { opacity: number; y: number; scale: number; transition: { ...; }; }; }' is not assignable to type 'Variants'.
  Property 'enter' is incompatible with index signature.
    Type '{ opacity: number; y: number; scale: number; transition: { duration: number; ease: number[]; }; }' is not assignable to type 'Variant'.
      Type '{ opacity: number; y: number; scale: number; transition: { duration: number; ease: number[]; }; }' is not assignable to type 'TargetAndTransition'.
        Type '{ opacity: number; y: number; scale: number; transition: { duration: number; ease: number[]; }; }' is not assignable to type '{ transition?: Transition<any>; transitionEnd?: ResolvedValues$1; }'.
          Types of property 'transition' are incompatible.
            Type '{ duration: number; ease: number[]; }' is not assignable to type 'Transition<any>'.
              Type '{ duration: number; ease: number[]; }' is not assignable to type 'TransitionWithValueOverrides<any>'.
                Type '{ duration: number; ease: number[]; }' is not assignable to type 'ValueAnimationTransition<any>'.
                  Types of property 'ease' are incompatible.
                    Type 'number[]' is not assignable to type 'Easing | Easing[]'.
                      Type 'number[]' is not assignable to type 'EasingFunction | Easing[]'.
                        Type 'number[]' is not assignable to type 'Easing[]'.
                          Type 'number' is not assignable to type 'Easing'.
src/components/learning-path/ModuleCard.tsx(82,23): error TS2339: Property 'relatedSkills' does not exist on type 'LearningModule'.
src/components/learning-path/ModuleCard.tsx(121,63): error TS2339: Property 'whyThis' does not exist on type 'LearningModule'.
src/context/GenPathContext.tsx(7,3): error TS2305: Module '"../types"' has no exported member 'ModuleStatus'.
src/types/index.ts(29,10): error TS2305: Module '"./core"' has no exported member 'Profile'.
src/utils/computeDashboardState.ts(1,19): error TS2724: '"../types"' has no exported member named 'SkillRating'. Did you mean 'SkillRatingMap'?
src/utils/computeDashboardState.ts(8,50): error TS2367: This comparison appears to be unintentional because the types '"Not Started" | "In Progress" | "Completed"' and '"completed"' have no overlap.
src/utils/computeDashboardState.ts(9,51): error TS2367: This comparison appears to be unintentional because the types '"Not Started" | "In Progress" | "Completed"' and '"in_progress"' have no overlap.
src/utils/computeDashboardState.ts(34,9): error TS2322: Type '{ skill: any; confidence: number; }[]' is not assignable to type 'SkillConfidence[]'.
  Type '{ skill: any; confidence: number; }' is missing the following properties from type 'SkillConfidence': skillId, title, rating, level, ratingPercent
src/utils/computeDashboardState.ts(37,9): error TS2339: Property 'relatedSkills' does not exist on type 'LearningModule'.
src/utils/computeDashboardState.ts(41,9): error TS2339: Property 'relatedSkills' does not exist on type 'LearningModule'.
src/utils/computeDashboardState.ts(54,9): error TS2367: This comparison appears to be unintentional because the types '"Not Started" | "In Progress" | "Completed"' and '"completed"' have no overlap.
src/utils/computeDashboardState.ts(73,9): error TS2367: This comparison appears to be unintentional because the types '"Not Started" | "In Progress" | "Completed"' and '"completed"' have no overlap.
src/utils/computeDashboardState.ts(74,11): error TS2339: Property 'relatedSkills' does not exist on type 'LearningModule'.
src/utils/computeDashboardState.ts(113,5): error TS2353: Object literal may only specify known properties, and 'readinessPercent' does not exist in type 'DashboardState'.
src/utils/generateLearningPath.ts(1,19): error TS2724: '"../types"' has no exported member named 'SkillRating'. Did you mean 'SkillRatingMap'?
src/utils/generateLearningPath.ts(1,48): error TS2305: Module '"../types"' has no exported member 'ActivityType'.
src/utils/generateLearningPath.ts(1,62): error TS2305: Module '"../types"' has no exported member 'Difficulty'.
src/utils/generateLearningPath.ts(307,9): error TS2820: Type '"not_started"' is not assignable to type '"Not Started" | "In Progress" | "Completed"'. Did you mean '"Not Started"'?
src/utils/generateLearningPath.ts(320,7): error TS2820: Type '"not_started"' is not assignable to type '"Not Started" | "In Progress" | "Completed"'. Did you mean '"Not Started"'?
